// Jest Snapshot v1, https://goo.gl/fbAQLP

exports[`renders the loading screen 1`] = `<ExponentAppLoading />`;

exports[`renders the root without loading screen 1`] = `
<View
  style={
    Object {
      "backgroundColor": "#fff",
      "flex": 1,
    }
  }
>
  <View
    style={
      Object {
        "alignItems": "center",
        "flex": 1,
        "justifyContent": "center",
      }
    }
  >
    <View
      style={
        Object {
          "alignItems": "center",
          "height": 40,
          "justifyContent": "center",
          "width": 40,
        }
      }
    >
      <View
        collapsable={undefined}
        style={
          Object {
            "alignItems": "center",
            "backgroundColor": "#ddd",
            "borderRadius": 20,
            "height": 40,
            "justifyContent": "center",
            "width": 40,
          }
        }
      >
        <View
          collapsable={undefined}
          style={
            Object {
              "backgroundColor": "#eee",
              "borderRadius": 10,
              "height": 0,
              "width": 0,
            }
          }
        />
      </View>
    </View>
  </View>
</View>
`;
