// Jest Snapshot v1, https://goo.gl/fbAQLP

exports[`renders Add Publication screen 1`] = `
<View
  enabled={true}
  keyboardVerticalOffset={55}
  onLayout={[Function]}
  style={
    Array [
      Object {
        "backgroundColor": "white",
        "flex": 1,
        "paddingBottom": 40,
      },
      Object {
        "paddingBottom": 0,
      },
    ]
  }
>
  <RCTScrollView>
    <View>
      <View
        style={
          Object {
            "alignSelf": "center",
            "borderColor": "#f76913",
            "borderWidth": 0.5,
            "margin": 10,
            "paddingLeft": 5,
            "width": 180,
          }
        }
      >
        <View>
          <View
            accessibilityComponentType={undefined}
            accessibilityLabel={undefined}
            accessibilityTraits={undefined}
            accessible={true}
            collapsable={undefined}
            hasTVPreferredFocus={undefined}
            hitSlop={undefined}
            isTVSelectable={true}
            nativeID={undefined}
            onLayout={undefined}
            onResponderGrant={[Function]}
            onResponderMove={[Function]}
            onResponderRelease={[Function]}
            onResponderTerminate={[Function]}
            onResponderTerminationRequest={[Function]}
            onStartShouldSetResponder={[Function]}
            style={
              Object {
                "alignItems": "center",
                "alignSelf": "stretch",
                "flexDirection": "row",
                "justifyContent": "center",
                "margin": 5,
                "opacity": 1,
                "paddingHorizontal": 6,
              }
            }
            testID={undefined}
            tvParallaxProperties={undefined}
          >
            <Text
              accessible={true}
              allowFontScaling={true}
              ellipsizeMode="tail"
              style={
                Array [
                  Object {
                    "flex": 1,
                  },
                  Object {
                    "fontSize": 12,
                    "lineHeight": 12,
                  },
                  undefined,
                ]
              }
            />
            <Text
              accessible={true}
              allowFontScaling={true}
              ellipsizeMode="tail"
              style={
                Array [
                  Object {
                    "color": "black",
                  },
                  Object {
                    "fontSize": 12,
                    "lineHeight": 12,
                  },
                  undefined,
                ]
              }
            >
              ▼
            </Text>
          </View>
          <Text
            accessible={true}
            allowFontScaling={true}
            ellipsizeMode="tail"
            style={
              Object {
                "color": "#92a2a2",
                "fontSize": 12,
                "left": 10,
                "position": "absolute",
                "top": 5,
              }
            }
          >
            Categoría
          </Text>
        </View>
      </View>
      <View
        accessibilityComponentType={undefined}
        accessibilityLabel={undefined}
        accessibilityTraits={undefined}
        accessible={true}
        collapsable={undefined}
        hasTVPreferredFocus={undefined}
        hitSlop={undefined}
        isTVSelectable={true}
        nativeID={undefined}
        onLayout={undefined}
        onResponderGrant={[Function]}
        onResponderMove={[Function]}
        onResponderRelease={[Function]}
        onResponderTerminate={[Function]}
        onResponderTerminationRequest={[Function]}
        onStartShouldSetResponder={[Function]}
        style={
          Object {
            "alignItems": "center",
            "alignSelf": "stretch",
            "backgroundColor": "#f6f6f7",
            "height": 150,
            "justifyContent": "center",
            "opacity": 1,
          }
        }
        testID={undefined}
        tvParallaxProperties={undefined}
      >
        <Text
          accessible={true}
          allowFontScaling={true}
          ellipsizeMode="tail"
        >
          Subir una foto
        </Text>
      </View>
      <TextInput
        allowFontScaling={true}
        onChangeText={[Function]}
        placeholder="Título de la publicación"
        style={
          Object {
            "alignSelf": "center",
            "borderColor": "#f76913",
            "borderWidth": 0.5,
            "color": "#f76913",
            "margin": 30,
            "textAlign": "center",
            "width": 250,
          }
        }
        underlineColorAndroid="transparent"
        value=""
      />
      <View
        style={
          Object {
            "alignItems": "center",
            "flexDirection": "row",
            "padding": 10,
          }
        }
      >
        <View
          style={
            Object {
              "borderColor": "#92a2a2",
              "borderWidth": 0.5,
              "flex": 1,
              "height": 100,
              "margin": 10,
              "padding": 5,
            }
          }
        >
          <TextInput
            allowFontScaling={true}
            multiline={true}
            onChangeText={[Function]}
            onFocus={[Function]}
            placeholder="Detalles"
            style={
              Object {
                "alignSelf": "stretch",
              }
            }
            underlineColorAndroid="transparent"
            value=""
          />
        </View>
      </View>
      <View
        accessibilityComponentType={undefined}
        accessibilityLabel={undefined}
        accessibilityTraits={undefined}
        accessible={true}
        collapsable={undefined}
        hasTVPreferredFocus={undefined}
        hitSlop={undefined}
        isTVSelectable={true}
        nativeID={undefined}
        onLayout={undefined}
        onResponderGrant={[Function]}
        onResponderMove={[Function]}
        onResponderRelease={[Function]}
        onResponderTerminate={[Function]}
        onResponderTerminationRequest={[Function]}
        onStartShouldSetResponder={[Function]}
        style={
          Object {
            "alignItems": "center",
            "alignSelf": "stretch",
            "backgroundColor": "#f76913",
            "margin": 10,
            "opacity": 1,
            "padding": 13,
          }
        }
        testID={undefined}
        tvParallaxProperties={undefined}
      >
        <Text
          accessible={true}
          allowFontScaling={true}
          ellipsizeMode="tail"
          style={
            Object {
              "color": "white",
              "fontSize": 18,
            }
          }
        >
          Publicar
        </Text>
      </View>
    </View>
  </RCTScrollView>
</View>
`;
